\BOOKMARK [1][-]{section.1}{Introduction}{}% 1
\BOOKMARK [1][-]{section.2}{Data}{}% 2
\BOOKMARK [2][-]{subsection.2.1}{Wide-binary sample}{section.2}% 3
\BOOKMARK [2][-]{subsection.2.2}{Velocity statistic}{section.2}% 4
\BOOKMARK [2][-]{subsection.2.3}{XP metallicities}{section.2}% 5
\BOOKMARK [1][-]{section.3}{Method}{}% 6
\BOOKMARK [2][-]{subsection.3.1}{Overview and notation}{section.3}% 7
\BOOKMARK [2][-]{subsection.3.2}{Stage 1: system metallicities}{section.3}% 8
\BOOKMARK [3][-]{subsubsection.3.2.1}{XP measurement model}{subsection.3.2}% 9
\BOOKMARK [3][-]{subsubsection.3.2.2}{Colour\205magnitude likelihood}{subsection.3.2}% 10
\BOOKMARK [3][-]{subsubsection.3.2.3}{System posteriors}{subsection.3.2}% 11
\BOOKMARK [2][-]{subsection.3.3}{Stage 2: a PARSEC-relative hard-monotone MLR}{section.3}% 12
\BOOKMARK [3][-]{subsubsection.3.3.1}{Spline representation}{subsection.3.3}% 13
\BOOKMARK [3][-]{subsubsection.3.3.2}{Hard monotonicity}{subsection.3.3}% 14
\BOOKMARK [3][-]{subsubsection.3.3.3}{Regularisation and solar anchor}{subsection.3.3}% 15
\BOOKMARK [2][-]{subsection.3.4}{Dynamical likelihood}{section.3}% 16
\BOOKMARK [3][-]{subsubsection.3.4.1}{Normal and outlier components}{subsection.3.4}% 17
\BOOKMARK [3][-]{subsubsection.3.4.2}{Measurement model}{subsection.3.4}% 18
\BOOKMARK [3][-]{subsubsection.3.4.3}{Metallicity marginalisation}{subsection.3.4}% 19
\BOOKMARK [2][-]{subsection.3.5}{Metallicity bins and velocity-distribution shape}{section.3}% 20
\BOOKMARK [2][-]{subsection.3.6}{Priors and posterior sampling}{section.3}% 21
\BOOKMARK [1][-]{section.4}{Results}{}% 22
\BOOKMARK [2][-]{subsection.4.1}{Fixed velocity-distribution shape}{section.4}% 23
\BOOKMARK [2][-]{subsection.4.2}{Joint MLR and velocity-distribution fits in metallicity bins}{section.4}% 24
\BOOKMARK [2][-]{subsection.4.3}{Metallicity dependence of the MLR}{section.4}% 25
\BOOKMARK [2][-]{subsection.4.4}{Velocity-distribution shape and outlier fraction}{section.4}% 26
\BOOKMARK [2][-]{subsection.4.5}{Sampling diagnostics}{section.4}% 27
\BOOKMARK [1][-]{section.5}{Discussion}{}% 28
\BOOKMARK [2][-]{subsection.5.1}{Mass scale and velocity distribution}{section.5}% 29
\BOOKMARK [2][-]{subsection.5.2}{Why the orbital-population shape is disfavoured}{section.5}% 30
\BOOKMARK [2][-]{subsection.5.3}{Comparison with PARSEC}{section.5}% 31
\BOOKMARK [2][-]{subsection.5.4}{Limitations}{section.5}% 32
\BOOKMARK [1][-]{section.6}{Conclusions}{}% 33
\BOOKMARK [1][-]{appendix.A}{Constructive monotone reparametrisation}{}% 34
